[2026-04-15T09:50:13.575+0000][gc] Using G1
[2026-04-15T09:50:13.579+0000][gc,init] Version: 17.0.15+6-alpine-r0 (release)
[2026-04-15T09:50:13.580+0000][gc,init] CPUs: 20 total, 20 available
[2026-04-15T09:50:13.581+0000][gc,init] Memory: 7754M
[2026-04-15T09:50:13.581+0000][gc,init] Large Page Support: Disabled
[2026-04-15T09:50:13.581+0000][gc,init] NUMA Support: Disabled
[2026-04-15T09:50:13.581+0000][gc,init] Compressed Oops: Enabled (32-bit)
[2026-04-15T09:50:13.581+0000][gc,init] Heap Region Size: 1M
[2026-04-15T09:50:13.581+0000][gc,init] Heap Min Capacity: 1G
[2026-04-15T09:50:13.582+0000][gc,init] Heap Initial Capacity: 1G
[2026-04-15T09:50:13.582+0000][gc,init] Heap Max Capacity: 1G
[2026-04-15T09:50:13.582+0000][gc,init] Pre-touch: Disabled
[2026-04-15T09:50:13.582+0000][gc,init] Parallel Workers: 15
[2026-04-15T09:50:13.582+0000][gc,init] Concurrent Workers: 4
[2026-04-15T09:50:13.582+0000][gc,init] Concurrent Refinement Workers: 15
[2026-04-15T09:50:13.582+0000][gc,init] Periodic GC: Disabled
[2026-04-15T09:50:13.588+0000][gc,metaspace] CDS archive(s) mapped at: [0x00007f80a7000000-0x00007f80a7bc9000-0x00007f80a7bc9000), size 12357632, SharedBaseAddress: 0x00007f80a7000000, ArchiveRelocationMode: 1.
[2026-04-15T09:50:13.588+0000][gc,metaspace] Compressed class space mapped at: 0x00007f80a8000000-0x00007f80e8000000, reserved size: 1073741824
[2026-04-15T09:50:13.588+0000][gc,metaspace] Narrow klass base: 0x00007f80a7000000, Narrow klass shift: 0, Narrow klass range: 0x100000000
[2026-04-15T09:50:15.806+0000][gc,start    ] GC(0) Pause Young (Concurrent Start) (Metadata GC Threshold)
[2026-04-15T09:50:15.808+0000][gc,task     ] GC(0) Using 15 workers of 15 for evacuation
[2026-04-15T09:50:15.829+0000][gc,phases   ] GC(0)   Pre Evacuate Collection Set: 0.2ms
[2026-04-15T09:50:15.829+0000][gc,phases   ] GC(0)   Merge Heap Roots: 0.2ms
[2026-04-15T09:50:15.829+0000][gc,phases   ] GC(0)   Evacuate Collection Set: 18.5ms
[2026-04-15T09:50:15.830+0000][gc,phases   ] GC(0)   Post Evacuate Collection Set: 1.5ms
[2026-04-15T09:50:15.830+0000][gc,phases   ] GC(0)   Other: 2.7ms
[2026-04-15T09:50:15.830+0000][gc,heap     ] GC(0) Eden regions: 324->0(492)
[2026-04-15T09:50:15.830+0000][gc,heap     ] GC(0) Survivor regions: 0->20(64)
[2026-04-15T09:50:15.831+0000][gc,heap     ] GC(0) Old regions: 0->0
[2026-04-15T09:50:15.831+0000][gc,heap     ] GC(0) Archive regions: 2->2
[2026-04-15T09:50:15.831+0000][gc,heap     ] GC(0) Humongous regions: 0->0
[2026-04-15T09:50:15.831+0000][gc,metaspace] GC(0) Metaspace: 21161K(21504K)->21161K(21504K) NonClass: 18577K(18752K)->18577K(18752K) Class: 2584K(2752K)->2584K(2752K)
[2026-04-15T09:50:15.831+0000][gc          ] GC(0) Pause Young (Concurrent Start) (Metadata GC Threshold) 324M->20M(1024M) 25.376ms
[2026-04-15T09:50:15.831+0000][gc,cpu      ] GC(0) User=0.13s Sys=0.05s Real=0.03s
[2026-04-15T09:50:15.831+0000][gc          ] GC(1) Concurrent Mark Cycle
[2026-04-15T09:50:15.832+0000][gc,marking  ] GC(1) Concurrent Clear Claimed Marks
[2026-04-15T09:50:15.832+0000][gc,marking  ] GC(1) Concurrent Clear Claimed Marks 0.437ms
[2026-04-15T09:50:15.833+0000][gc,marking  ] GC(1) Concurrent Scan Root Regions
[2026-04-15T09:50:15.836+0000][gc,marking  ] GC(1) Concurrent Scan Root Regions 3.075ms
[2026-04-15T09:50:15.836+0000][gc,marking  ] GC(1) Concurrent Mark
[2026-04-15T09:50:15.836+0000][gc,marking  ] GC(1) Concurrent Mark From Roots
[2026-04-15T09:50:15.836+0000][gc,task     ] GC(1) Using 4 workers of 4 for marking
[2026-04-15T09:50:15.838+0000][gc,marking  ] GC(1) Concurrent Mark From Roots 1.651ms
[2026-04-15T09:50:15.838+0000][gc,marking  ] GC(1) Concurrent Preclean
[2026-04-15T09:50:15.838+0000][gc,marking  ] GC(1) Concurrent Preclean 0.199ms
[2026-04-15T09:50:15.839+0000][gc,start    ] GC(1) Pause Remark
[2026-04-15T09:50:15.840+0000][gc          ] GC(1) Pause Remark 22M->22M(1024M) 1.738ms
[2026-04-15T09:50:15.841+0000][gc,cpu      ] GC(1) User=0.01s Sys=0.00s Real=0.00s
[2026-04-15T09:50:15.841+0000][gc,marking  ] GC(1) Concurrent Mark 5.111ms
[2026-04-15T09:50:15.841+0000][gc,marking  ] GC(1) Concurrent Rebuild Remembered Sets
[2026-04-15T09:50:15.842+0000][gc,marking  ] GC(1) Concurrent Rebuild Remembered Sets 0.240ms
[2026-04-15T09:50:15.842+0000][gc,start    ] GC(1) Pause Cleanup
[2026-04-15T09:50:15.842+0000][gc          ] GC(1) Pause Cleanup 22M->22M(1024M) 0.227ms
[2026-04-15T09:50:15.842+0000][gc,cpu      ] GC(1) User=0.01s Sys=0.00s Real=0.00s
[2026-04-15T09:50:15.843+0000][gc,marking  ] GC(1) Concurrent Cleanup for Next Mark
[2026-04-15T09:50:15.845+0000][gc,marking  ] GC(1) Concurrent Cleanup for Next Mark 2.739ms
[2026-04-15T09:50:15.846+0000][gc          ] GC(1) Concurrent Mark Cycle 14.291ms
[2026-04-15T09:50:22.595+0000][gc,heap,exit] Heap
[2026-04-15T09:50:22.595+0000][gc,heap,exit]  garbage-first heap   total 1048576K, used 507184K [0x00000000c0000000, 0x0000000100000000)
[2026-04-15T09:50:22.595+0000][gc,heap,exit]   region size 1024K, 495 young (506880K), 20 survivors (20480K)
[2026-04-15T09:50:22.595+0000][gc,heap,exit]  Metaspace       used 33955K, committed 34368K, reserved 1114112K
[2026-04-15T09:50:22.596+0000][gc,heap,exit]   class space    used 4200K, committed 4416K, reserved 1048576K
