[2026-04-15T16:15:56.267+0000][gc] Using G1
[2026-04-15T16:15:56.271+0000][gc,init] Version: 17.0.15+6-alpine-r0 (release)
[2026-04-15T16:15:56.272+0000][gc,init] CPUs: 20 total, 20 available
[2026-04-15T16:15:56.272+0000][gc,init] Memory: 7754M
[2026-04-15T16:15:56.272+0000][gc,init] Large Page Support: Disabled
[2026-04-15T16:15:56.272+0000][gc,init] NUMA Support: Disabled
[2026-04-15T16:15:56.272+0000][gc,init] Compressed Oops: Enabled (32-bit)
[2026-04-15T16:15:56.272+0000][gc,init] Heap Region Size: 1M
[2026-04-15T16:15:56.272+0000][gc,init] Heap Min Capacity: 1G
[2026-04-15T16:15:56.272+0000][gc,init] Heap Initial Capacity: 1G
[2026-04-15T16:15:56.273+0000][gc,init] Heap Max Capacity: 1G
[2026-04-15T16:15:56.273+0000][gc,init] Pre-touch: Disabled
[2026-04-15T16:15:56.274+0000][gc,init] Parallel Workers: 15
[2026-04-15T16:15:56.274+0000][gc,init] Concurrent Workers: 4
[2026-04-15T16:15:56.274+0000][gc,init] Concurrent Refinement Workers: 15
[2026-04-15T16:15:56.274+0000][gc,init] Periodic GC: Disabled
[2026-04-15T16:15:56.279+0000][gc,metaspace] CDS archive(s) mapped at: [0x00007f7585000000-0x00007f7585bc9000-0x00007f7585bc9000), size 12357632, SharedBaseAddress: 0x00007f7585000000, ArchiveRelocationMode: 1.
[2026-04-15T16:15:56.279+0000][gc,metaspace] Compressed class space mapped at: 0x00007f7586000000-0x00007f75c6000000, reserved size: 1073741824
[2026-04-15T16:15:56.279+0000][gc,metaspace] Narrow klass base: 0x00007f7585000000, Narrow klass shift: 0, Narrow klass range: 0x100000000
[2026-04-15T16:16:00.567+0000][gc,start    ] GC(0) Pause Young (Concurrent Start) (Metadata GC Threshold)
[2026-04-15T16:16:00.568+0000][gc,task     ] GC(0) Using 15 workers of 15 for evacuation
[2026-04-15T16:16:00.585+0000][gc,phases   ] GC(0)   Pre Evacuate Collection Set: 0.3ms
[2026-04-15T16:16:00.585+0000][gc,phases   ] GC(0)   Merge Heap Roots: 0.3ms
[2026-04-15T16:16:00.586+0000][gc,phases   ] GC(0)   Evacuate Collection Set: 13.5ms
[2026-04-15T16:16:00.586+0000][gc,phases   ] GC(0)   Post Evacuate Collection Set: 1.9ms
[2026-04-15T16:16:00.586+0000][gc,phases   ] GC(0)   Other: 2.3ms
[2026-04-15T16:16:00.586+0000][gc,heap     ] GC(0) Eden regions: 324->0(492)
[2026-04-15T16:16:00.587+0000][gc,heap     ] GC(0) Survivor regions: 0->20(64)
[2026-04-15T16:16:00.587+0000][gc,heap     ] GC(0) Old regions: 0->0
[2026-04-15T16:16:00.587+0000][gc,heap     ] GC(0) Archive regions: 2->2
[2026-04-15T16:16:00.587+0000][gc,heap     ] GC(0) Humongous regions: 0->0
[2026-04-15T16:16:00.587+0000][gc,metaspace] GC(0) Metaspace: 21171K(21504K)->21171K(21504K) NonClass: 18583K(18752K)->18583K(18752K) Class: 2587K(2752K)->2587K(2752K)
[2026-04-15T16:16:00.588+0000][gc          ] GC(0) Pause Young (Concurrent Start) (Metadata GC Threshold) 324M->20M(1024M) 21.028ms
[2026-04-15T16:16:00.588+0000][gc,cpu      ] GC(0) User=0.08s Sys=0.07s Real=0.02s
[2026-04-15T16:16:00.588+0000][gc          ] GC(1) Concurrent Mark Cycle
[2026-04-15T16:16:00.589+0000][gc,marking  ] GC(1) Concurrent Clear Claimed Marks
[2026-04-15T16:16:00.589+0000][gc,marking  ] GC(1) Concurrent Clear Claimed Marks 0.310ms
[2026-04-15T16:16:00.589+0000][gc,marking  ] GC(1) Concurrent Scan Root Regions
[2026-04-15T16:16:00.592+0000][gc,marking  ] GC(1) Concurrent Scan Root Regions 2.807ms
[2026-04-15T16:16:00.592+0000][gc,marking  ] GC(1) Concurrent Mark
[2026-04-15T16:16:00.593+0000][gc,marking  ] GC(1) Concurrent Mark From Roots
[2026-04-15T16:16:00.593+0000][gc,task     ] GC(1) Using 4 workers of 4 for marking
[2026-04-15T16:16:00.595+0000][gc,marking  ] GC(1) Concurrent Mark From Roots 2.172ms
[2026-04-15T16:16:00.595+0000][gc,marking  ] GC(1) Concurrent Preclean
[2026-04-15T16:16:00.596+0000][gc,marking  ] GC(1) Concurrent Preclean 0.389ms
[2026-04-15T16:16:00.596+0000][gc,start    ] GC(1) Pause Remark
[2026-04-15T16:16:00.599+0000][gc          ] GC(1) Pause Remark 20M->20M(1024M) 3.026ms
[2026-04-15T16:16:00.600+0000][gc,cpu      ] GC(1) User=0.01s Sys=0.01s Real=0.00s
[2026-04-15T16:16:00.600+0000][gc,marking  ] GC(1) Concurrent Mark 7.575ms
[2026-04-15T16:16:00.605+0000][gc,marking  ] GC(1) Concurrent Rebuild Remembered Sets
[2026-04-15T16:16:00.605+0000][gc,marking  ] GC(1) Concurrent Rebuild Remembered Sets 0.444ms
[2026-04-15T16:16:00.606+0000][gc,start    ] GC(1) Pause Cleanup
[2026-04-15T16:16:00.606+0000][gc          ] GC(1) Pause Cleanup 21M->21M(1024M) 0.240ms
[2026-04-15T16:16:00.606+0000][gc,cpu      ] GC(1) User=0.00s Sys=0.00s Real=0.00s
[2026-04-15T16:16:00.606+0000][gc,marking  ] GC(1) Concurrent Cleanup for Next Mark
[2026-04-15T16:16:00.610+0000][gc,marking  ] GC(1) Concurrent Cleanup for Next Mark 4.049ms
[2026-04-15T16:16:00.611+0000][gc          ] GC(1) Concurrent Mark Cycle 22.474ms
[2026-04-15T16:16:08.444+0000][gc,heap,exit] Heap
[2026-04-15T16:16:08.445+0000][gc,heap,exit]  garbage-first heap   total 1048576K, used 508140K [0x00000000c0000000, 0x0000000100000000)
[2026-04-15T16:16:08.445+0000][gc,heap,exit]   region size 1024K, 496 young (507904K), 20 survivors (20480K)
[2026-04-15T16:16:08.445+0000][gc,heap,exit]  Metaspace       used 34223K, committed 34624K, reserved 1114112K
[2026-04-15T16:16:08.445+0000][gc,heap,exit]   class space    used 4233K, committed 4416K, reserved 1048576K
