[2026-04-15T16:48:17.210+0000][gc] Using G1
[2026-04-15T16:48:17.214+0000][gc,init] Version: 17.0.15+6-alpine-r0 (release)
[2026-04-15T16:48:17.217+0000][gc,init] CPUs: 20 total, 20 available
[2026-04-15T16:48:17.218+0000][gc,init] Memory: 7754M
[2026-04-15T16:48:17.218+0000][gc,init] Large Page Support: Disabled
[2026-04-15T16:48:17.220+0000][gc,init] NUMA Support: Disabled
[2026-04-15T16:48:17.220+0000][gc,init] Compressed Oops: Enabled (32-bit)
[2026-04-15T16:48:17.222+0000][gc,init] Heap Region Size: 1M
[2026-04-15T16:48:17.223+0000][gc,init] Heap Min Capacity: 1G
[2026-04-15T16:48:17.224+0000][gc,init] Heap Initial Capacity: 1G
[2026-04-15T16:48:17.224+0000][gc,init] Heap Max Capacity: 1G
[2026-04-15T16:48:17.225+0000][gc,init] Pre-touch: Disabled
[2026-04-15T16:48:17.226+0000][gc,init] Parallel Workers: 15
[2026-04-15T16:48:17.226+0000][gc,init] Concurrent Workers: 4
[2026-04-15T16:48:17.229+0000][gc,init] Concurrent Refinement Workers: 15
[2026-04-15T16:48:17.230+0000][gc,init] Periodic GC: Disabled
[2026-04-15T16:48:17.236+0000][gc,metaspace] CDS archive(s) mapped at: [0x00007fea54000000-0x00007fea54bc9000-0x00007fea54bc9000), size 12357632, SharedBaseAddress: 0x00007fea54000000, ArchiveRelocationMode: 1.
[2026-04-15T16:48:17.239+0000][gc,metaspace] Compressed class space mapped at: 0x00007fea55000000-0x00007fea95000000, reserved size: 1073741824
[2026-04-15T16:48:17.239+0000][gc,metaspace] Narrow klass base: 0x00007fea54000000, Narrow klass shift: 0, Narrow klass range: 0x100000000
[2026-04-15T16:48:19.461+0000][gc,start    ] GC(0) Pause Young (Concurrent Start) (Metadata GC Threshold)
[2026-04-15T16:48:19.463+0000][gc,task     ] GC(0) Using 15 workers of 15 for evacuation
[2026-04-15T16:48:19.479+0000][gc,phases   ] GC(0)   Pre Evacuate Collection Set: 0.2ms
[2026-04-15T16:48:19.479+0000][gc,phases   ] GC(0)   Merge Heap Roots: 0.2ms
[2026-04-15T16:48:19.480+0000][gc,phases   ] GC(0)   Evacuate Collection Set: 13.9ms
[2026-04-15T16:48:19.480+0000][gc,phases   ] GC(0)   Post Evacuate Collection Set: 1.5ms
[2026-04-15T16:48:19.480+0000][gc,phases   ] GC(0)   Other: 1.9ms
[2026-04-15T16:48:19.480+0000][gc,heap     ] GC(0) Eden regions: 329->0(492)
[2026-04-15T16:48:19.480+0000][gc,heap     ] GC(0) Survivor regions: 0->20(64)
[2026-04-15T16:48:19.480+0000][gc,heap     ] GC(0) Old regions: 0->0
[2026-04-15T16:48:19.481+0000][gc,heap     ] GC(0) Archive regions: 2->2
[2026-04-15T16:48:19.481+0000][gc,heap     ] GC(0) Humongous regions: 0->0
[2026-04-15T16:48:19.481+0000][gc,metaspace] GC(0) Metaspace: 21168K(21504K)->21168K(21504K) NonClass: 18583K(18752K)->18583K(18752K) Class: 2584K(2752K)->2584K(2752K)
[2026-04-15T16:48:19.481+0000][gc          ] GC(0) Pause Young (Concurrent Start) (Metadata GC Threshold) 329M->20M(1024M) 19.694ms
[2026-04-15T16:48:19.481+0000][gc,cpu      ] GC(0) User=0.08s Sys=0.02s Real=0.02s
[2026-04-15T16:48:19.481+0000][gc          ] GC(1) Concurrent Mark Cycle
[2026-04-15T16:48:19.482+0000][gc,marking  ] GC(1) Concurrent Clear Claimed Marks
[2026-04-15T16:48:19.482+0000][gc,marking  ] GC(1) Concurrent Clear Claimed Marks 0.253ms
[2026-04-15T16:48:19.482+0000][gc,marking  ] GC(1) Concurrent Scan Root Regions
[2026-04-15T16:48:19.485+0000][gc,marking  ] GC(1) Concurrent Scan Root Regions 2.849ms
[2026-04-15T16:48:19.485+0000][gc,marking  ] GC(1) Concurrent Mark
[2026-04-15T16:48:19.486+0000][gc,marking  ] GC(1) Concurrent Mark From Roots
[2026-04-15T16:48:19.486+0000][gc,task     ] GC(1) Using 4 workers of 4 for marking
[2026-04-15T16:48:19.487+0000][gc,marking  ] GC(1) Concurrent Mark From Roots 1.828ms
[2026-04-15T16:48:19.488+0000][gc,marking  ] GC(1) Concurrent Preclean
[2026-04-15T16:48:19.488+0000][gc,marking  ] GC(1) Concurrent Preclean 0.276ms
[2026-04-15T16:48:19.488+0000][gc,start    ] GC(1) Pause Remark
[2026-04-15T16:48:19.490+0000][gc          ] GC(1) Pause Remark 21M->21M(1024M) 1.803ms
[2026-04-15T16:48:19.490+0000][gc,cpu      ] GC(1) User=0.01s Sys=0.00s Real=0.00s
[2026-04-15T16:48:19.490+0000][gc,marking  ] GC(1) Concurrent Mark 5.118ms
[2026-04-15T16:48:19.491+0000][gc,marking  ] GC(1) Concurrent Rebuild Remembered Sets
[2026-04-15T16:48:19.491+0000][gc,marking  ] GC(1) Concurrent Rebuild Remembered Sets 0.271ms
[2026-04-15T16:48:19.491+0000][gc,start    ] GC(1) Pause Cleanup
[2026-04-15T16:48:19.491+0000][gc          ] GC(1) Pause Cleanup 21M->21M(1024M) 0.181ms
[2026-04-15T16:48:19.492+0000][gc,cpu      ] GC(1) User=0.00s Sys=0.00s Real=0.00s
[2026-04-15T16:48:19.492+0000][gc,marking  ] GC(1) Concurrent Cleanup for Next Mark
[2026-04-15T16:48:19.495+0000][gc,marking  ] GC(1) Concurrent Cleanup for Next Mark 2.877ms
[2026-04-15T16:48:19.495+0000][gc          ] GC(1) Concurrent Mark Cycle 13.657ms
[2026-04-15T16:48:21.329+0000][gc,start    ] GC(2) Pause Young (Concurrent Start) (Metadata GC Threshold)
[2026-04-15T16:48:21.330+0000][gc,task     ] GC(2) Using 15 workers of 15 for evacuation
[2026-04-15T16:48:21.354+0000][gc,phases   ] GC(2)   Pre Evacuate Collection Set: 0.2ms
[2026-04-15T16:48:21.354+0000][gc,phases   ] GC(2)   Merge Heap Roots: 0.2ms
[2026-04-15T16:48:21.354+0000][gc,phases   ] GC(2)   Evacuate Collection Set: 21.0ms
[2026-04-15T16:48:21.355+0000][gc,phases   ] GC(2)   Post Evacuate Collection Set: 2.6ms
[2026-04-15T16:48:21.355+0000][gc,phases   ] GC(2)   Other: 0.5ms
[2026-04-15T16:48:21.355+0000][gc,heap     ] GC(2) Eden regions: 465->0(464)
[2026-04-15T16:48:21.355+0000][gc,heap     ] GC(2) Survivor regions: 20->48(64)
[2026-04-15T16:48:21.355+0000][gc,heap     ] GC(2) Old regions: 0->0
[2026-04-15T16:48:21.356+0000][gc,heap     ] GC(2) Archive regions: 2->2
[2026-04-15T16:48:21.356+0000][gc,heap     ] GC(2) Humongous regions: 0->0
[2026-04-15T16:48:21.356+0000][gc,metaspace] GC(2) Metaspace: 35691K(36096K)->35691K(36096K) NonClass: 31294K(31488K)->31294K(31488K) Class: 4397K(4608K)->4397K(4608K)
[2026-04-15T16:48:21.356+0000][gc          ] GC(2) Pause Young (Concurrent Start) (Metadata GC Threshold) 484M->48M(1024M) 26.735ms
[2026-04-15T16:48:21.356+0000][gc,cpu      ] GC(2) User=0.19s Sys=0.04s Real=0.02s
[2026-04-15T16:48:21.356+0000][gc          ] GC(3) Concurrent Mark Cycle
[2026-04-15T16:48:21.357+0000][gc,marking  ] GC(3) Concurrent Clear Claimed Marks
[2026-04-15T16:48:21.357+0000][gc,marking  ] GC(3) Concurrent Clear Claimed Marks 0.198ms
[2026-04-15T16:48:21.357+0000][gc,marking  ] GC(3) Concurrent Scan Root Regions
[2026-04-15T16:48:21.361+0000][gc,marking  ] GC(3) Concurrent Scan Root Regions 4.231ms
[2026-04-15T16:48:21.362+0000][gc,marking  ] GC(3) Concurrent Mark
[2026-04-15T16:48:21.362+0000][gc,marking  ] GC(3) Concurrent Mark From Roots
[2026-04-15T16:48:21.362+0000][gc,task     ] GC(3) Using 4 workers of 4 for marking
[2026-04-15T16:48:21.363+0000][gc,marking  ] GC(3) Concurrent Mark From Roots 1.466ms
[2026-04-15T16:48:21.364+0000][gc,marking  ] GC(3) Concurrent Preclean
[2026-04-15T16:48:21.364+0000][gc,marking  ] GC(3) Concurrent Preclean 0.321ms
[2026-04-15T16:48:21.364+0000][gc,start    ] GC(3) Pause Remark
[2026-04-15T16:48:21.366+0000][gc          ] GC(3) Pause Remark 49M->49M(1024M) 2.155ms
[2026-04-15T16:48:21.366+0000][gc,cpu      ] GC(3) User=0.01s Sys=0.00s Real=0.00s
[2026-04-15T16:48:21.367+0000][gc,marking  ] GC(3) Concurrent Mark 5.072ms
[2026-04-15T16:48:21.367+0000][gc,marking  ] GC(3) Concurrent Rebuild Remembered Sets
[2026-04-15T16:48:21.367+0000][gc,marking  ] GC(3) Concurrent Rebuild Remembered Sets 0.257ms
[2026-04-15T16:48:21.368+0000][gc,start    ] GC(3) Pause Cleanup
[2026-04-15T16:48:21.368+0000][gc          ] GC(3) Pause Cleanup 49M->49M(1024M) 0.185ms
[2026-04-15T16:48:21.368+0000][gc,cpu      ] GC(3) User=0.00s Sys=0.00s Real=0.00s
[2026-04-15T16:48:21.368+0000][gc,marking  ] GC(3) Concurrent Cleanup for Next Mark
[2026-04-15T16:48:21.372+0000][gc,marking  ] GC(3) Concurrent Cleanup for Next Mark 3.617ms
[2026-04-15T16:48:21.372+0000][gc          ] GC(3) Concurrent Mark Cycle 15.428ms
[2026-04-15T16:48:24.509+0000][gc,start    ] GC(4) Pause Young (Concurrent Start) (Metadata GC Threshold)
[2026-04-15T16:48:24.509+0000][gc,task     ] GC(4) Using 15 workers of 15 for evacuation
[2026-04-15T16:48:24.531+0000][gc,phases   ] GC(4)   Pre Evacuate Collection Set: 0.3ms
[2026-04-15T16:48:24.531+0000][gc,phases   ] GC(4)   Merge Heap Roots: 0.1ms
[2026-04-15T16:48:24.531+0000][gc,phases   ] GC(4)   Evacuate Collection Set: 19.0ms
[2026-04-15T16:48:24.531+0000][gc,phases   ] GC(4)   Post Evacuate Collection Set: 1.9ms
[2026-04-15T16:48:24.532+0000][gc,phases   ] GC(4)   Other: 0.6ms
[2026-04-15T16:48:24.532+0000][gc,heap     ] GC(4) Eden regions: 395->0(456)
[2026-04-15T16:48:24.532+0000][gc,heap     ] GC(4) Survivor regions: 48->56(64)
[2026-04-15T16:48:24.532+0000][gc,heap     ] GC(4) Old regions: 0->19
[2026-04-15T16:48:24.533+0000][gc,heap     ] GC(4) Archive regions: 2->2
[2026-04-15T16:48:24.533+0000][gc,heap     ] GC(4) Humongous regions: 0->0
[2026-04-15T16:48:24.533+0000][gc,metaspace] GC(4) Metaspace: 59897K(60416K)->59897K(60416K) NonClass: 52537K(52800K)->52537K(52800K) Class: 7360K(7616K)->7360K(7616K)
[2026-04-15T16:48:24.533+0000][gc          ] GC(4) Pause Young (Concurrent Start) (Metadata GC Threshold) 442M->75M(1024M) 24.181ms
[2026-04-15T16:48:24.533+0000][gc,cpu      ] GC(4) User=0.08s Sys=0.07s Real=0.02s
[2026-04-15T16:48:24.533+0000][gc          ] GC(5) Concurrent Mark Cycle
[2026-04-15T16:48:24.534+0000][gc,marking  ] GC(5) Concurrent Clear Claimed Marks
[2026-04-15T16:48:24.534+0000][gc,marking  ] GC(5) Concurrent Clear Claimed Marks 0.248ms
[2026-04-15T16:48:24.534+0000][gc,marking  ] GC(5) Concurrent Scan Root Regions
[2026-04-15T16:48:24.539+0000][gc,marking  ] GC(5) Concurrent Scan Root Regions 4.946ms
[2026-04-15T16:48:24.539+0000][gc,marking  ] GC(5) Concurrent Mark
[2026-04-15T16:48:24.539+0000][gc,marking  ] GC(5) Concurrent Mark From Roots
[2026-04-15T16:48:24.539+0000][gc,task     ] GC(5) Using 4 workers of 4 for marking
[2026-04-15T16:48:24.540+0000][gc,marking  ] GC(5) Concurrent Mark From Roots 1.157ms
[2026-04-15T16:48:24.541+0000][gc,marking  ] GC(5) Concurrent Preclean
[2026-04-15T16:48:24.541+0000][gc,marking  ] GC(5) Concurrent Preclean 0.156ms
[2026-04-15T16:48:24.541+0000][gc,start    ] GC(5) Pause Remark
[2026-04-15T16:48:24.543+0000][gc          ] GC(5) Pause Remark 77M->77M(1024M) 2.300ms
[2026-04-15T16:48:24.544+0000][gc,cpu      ] GC(5) User=0.01s Sys=0.00s Real=0.00s
[2026-04-15T16:48:24.544+0000][gc,marking  ] GC(5) Concurrent Mark 4.780ms
[2026-04-15T16:48:24.544+0000][gc,marking  ] GC(5) Concurrent Rebuild Remembered Sets
[2026-04-15T16:48:24.547+0000][gc,marking  ] GC(5) Concurrent Rebuild Remembered Sets 2.468ms
[2026-04-15T16:48:24.548+0000][gc,start    ] GC(5) Pause Cleanup
[2026-04-15T16:48:24.548+0000][gc          ] GC(5) Pause Cleanup 79M->79M(1024M) 0.329ms
[2026-04-15T16:48:24.548+0000][gc,cpu      ] GC(5) User=0.00s Sys=0.00s Real=0.00s
[2026-04-15T16:48:24.548+0000][gc,marking  ] GC(5) Concurrent Cleanup for Next Mark
[2026-04-15T16:48:24.551+0000][gc,marking  ] GC(5) Concurrent Cleanup for Next Mark 2.429ms
[2026-04-15T16:48:24.551+0000][gc          ] GC(5) Concurrent Mark Cycle 17.958ms
[2026-04-15T16:48:26.455+0000][gc,start    ] GC(6) Pause Young (Normal) (G1 Evacuation Pause)
[2026-04-15T16:48:26.455+0000][gc,task     ] GC(6) Using 15 workers of 15 for evacuation
[2026-04-15T16:48:26.486+0000][gc,phases   ] GC(6)   Pre Evacuate Collection Set: 0.5ms
[2026-04-15T16:48:26.486+0000][gc,phases   ] GC(6)   Merge Heap Roots: 0.4ms
[2026-04-15T16:48:26.486+0000][gc,phases   ] GC(6)   Evacuate Collection Set: 27.3ms
[2026-04-15T16:48:26.487+0000][gc,phases   ] GC(6)   Post Evacuate Collection Set: 2.4ms
[2026-04-15T16:48:26.487+0000][gc,phases   ] GC(6)   Other: 0.6ms
[2026-04-15T16:48:26.487+0000][gc,heap     ] GC(6) Eden regions: 456->0(461)
[2026-04-15T16:48:26.487+0000][gc,heap     ] GC(6) Survivor regions: 56->51(64)
[2026-04-15T16:48:26.487+0000][gc,heap     ] GC(6) Old regions: 19->46
[2026-04-15T16:48:26.487+0000][gc,heap     ] GC(6) Archive regions: 2->2
[2026-04-15T16:48:26.488+0000][gc,heap     ] GC(6) Humongous regions: 1->0
[2026-04-15T16:48:26.488+0000][gc,metaspace] GC(6) Metaspace: 70418K(70976K)->70418K(70976K) NonClass: 61625K(61952K)->61625K(61952K) Class: 8793K(9024K)->8793K(9024K)
[2026-04-15T16:48:26.488+0000][gc          ] GC(6) Pause Young (Normal) (G1 Evacuation Pause) 532M->96M(1024M) 33.007ms
[2026-04-15T16:48:26.488+0000][gc,cpu      ] GC(6) User=0.26s Sys=0.02s Real=0.04s
[2026-04-15T16:48:28.124+0000][gc,start    ] GC(7) Pause Young (Normal) (G1 Evacuation Pause)
[2026-04-15T16:48:28.125+0000][gc,task     ] GC(7) Using 15 workers of 15 for evacuation
[2026-04-15T16:48:28.142+0000][gc,phases   ] GC(7)   Pre Evacuate Collection Set: 0.2ms
[2026-04-15T16:48:28.143+0000][gc,phases   ] GC(7)   Merge Heap Roots: 0.2ms
[2026-04-15T16:48:28.143+0000][gc,phases   ] GC(7)   Evacuate Collection Set: 15.1ms
[2026-04-15T16:48:28.143+0000][gc,phases   ] GC(7)   Post Evacuate Collection Set: 2.0ms
[2026-04-15T16:48:28.143+0000][gc,phases   ] GC(7)   Other: 0.5ms
[2026-04-15T16:48:28.143+0000][gc,heap     ] GC(7) Eden regions: 461->0(462)
[2026-04-15T16:48:28.143+0000][gc,heap     ] GC(7) Survivor regions: 51->50(64)
[2026-04-15T16:48:28.144+0000][gc,heap     ] GC(7) Old regions: 46->73
[2026-04-15T16:48:28.144+0000][gc,heap     ] GC(7) Archive regions: 2->2
[2026-04-15T16:48:28.144+0000][gc,heap     ] GC(7) Humongous regions: 0->0
[2026-04-15T16:48:28.144+0000][gc,metaspace] GC(7) Metaspace: 78484K(79104K)->78484K(79104K) NonClass: 68658K(68992K)->68658K(68992K) Class: 9825K(10112K)->9825K(10112K)
[2026-04-15T16:48:28.144+0000][gc          ] GC(7) Pause Young (Normal) (G1 Evacuation Pause) 557M->123M(1024M) 19.840ms
[2026-04-15T16:48:28.144+0000][gc,cpu      ] GC(7) User=0.13s Sys=0.08s Real=0.02s
[2026-04-15T17:06:46.993+0000][gc,start    ] GC(8) Pause Young (Normal) (G1 Evacuation Pause)
[2026-04-15T17:06:46.995+0000][gc,task     ] GC(8) Using 15 workers of 15 for evacuation
[2026-04-15T17:06:47.347+0000][gc,mmu      ] GC(8) MMU target violated: 201.0ms (200.0ms/201.0ms)
[2026-04-15T17:06:47.348+0000][gc,phases   ] GC(8)   Pre Evacuate Collection Set: 37.3ms
[2026-04-15T17:06:47.348+0000][gc,phases   ] GC(8)   Merge Heap Roots: 19.9ms
[2026-04-15T17:06:47.348+0000][gc,phases   ] GC(8)   Evacuate Collection Set: 259.8ms
[2026-04-15T17:06:47.348+0000][gc,phases   ] GC(8)   Post Evacuate Collection Set: 30.5ms
[2026-04-15T17:06:47.349+0000][gc,phases   ] GC(8)   Other: 10.2ms
[2026-04-15T17:06:47.349+0000][gc,heap     ] GC(8) Eden regions: 462->0(471)
[2026-04-15T17:06:47.349+0000][gc,heap     ] GC(8) Survivor regions: 50->41(64)
[2026-04-15T17:06:47.349+0000][gc,heap     ] GC(8) Old regions: 73->84
[2026-04-15T17:06:47.349+0000][gc,heap     ] GC(8) Archive regions: 2->2
[2026-04-15T17:06:47.349+0000][gc,heap     ] GC(8) Humongous regions: 0->0
[2026-04-15T17:06:47.350+0000][gc,metaspace] GC(8) Metaspace: 87193K(88064K)->87193K(88064K) NonClass: 76672K(77120K)->76672K(77120K) Class: 10520K(10944K)->10520K(10944K)
[2026-04-15T17:06:47.350+0000][gc          ] GC(8) Pause Young (Normal) (G1 Evacuation Pause) 585M->125M(1024M) 357.467ms
[2026-04-15T17:06:47.350+0000][gc,cpu      ] GC(8) User=0.93s Sys=0.32s Real=0.36s
[2026-04-15T17:20:34.008+0000][gc,heap,exit] Heap
[2026-04-15T17:20:34.009+0000][gc,heap,exit]  garbage-first heap   total 1048576K, used 263327K [0x00000000c0000000, 0x0000000100000000)
[2026-04-15T17:20:34.009+0000][gc,heap,exit]   region size 1024K, 173 young (177152K), 41 survivors (41984K)
[2026-04-15T17:20:34.009+0000][gc,heap,exit]  Metaspace       used 88295K, committed 89152K, reserved 1179648K
[2026-04-15T17:20:34.009+0000][gc,heap,exit]   class space    used 10625K, committed 11072K, reserved 1048576K
